[dotenv@17.2.4] injecting env (4) from .env -- tip: ΓÜÖ∩╕Å  suppress all logs with { quiet: true }
Initializing Postgres Pool...
Creating Prisma Adapter...
Creating Prisma Client...
